Microchip MPLAB XC8 Compiler V2.40

Linker command line:

-W-3 \
  --edf=C:\Program Files\Microchip\xc8\v2.40\pic\dat\20220703182018_en.msgs \
  -cn -h+dist/default/production\first_project.production.sym \
  --cmf=dist/default/production\first_project.production.cmf -z -Q18F24Q10 \
  -oC:\Users\FATIHE~1\AppData\Local\Temp\xcAsh08.4 --defsym=__MPLAB_BUILD=1 \
  --fixupoverflow=error \
  -Mdist/default/production/first_project.production.map \
  --md=C:\Users\FATIHE~1\AppData\Local\Temp\xcAsh08.dat -E1 \
  -ver=XC8 Compiler --acfsm=1493 -ACODE=00h-03FFFh -ACONST=00h-03FFFh \
  -ASMALLCONST=0500h-05FFhx59 -AMEDIUMCONST=0500h-03FFFh -ACOMRAM=01h-05Fh \
  -AABS1=00h-03FFh -ABIGRAM=01h-03FFh -ARAM=060h-0FFh,0100h-01FFhx3 \
  -ABANK0=060h-0FFh -ABANK1=0100h-01FFh -ABANK2=0200h-02FFh \
  -ABANK3=0300h-03FFh -ASFR=0400h-04FFh,0E88h-0EFFh,0F00h-0F5Fh,0F60h-0FFFh \
  -ABIGSFR=0400h-04FFh,0E88h-0FFFh -ACONFIG=0300000h-030000Bh \
  -AIDLOC=0200000h-02000FFh -AEEDATA=0310000h-03100FFh -peeprom_data=EEDATA \
  -preset_vec=00h,intcode,intcodelo,powerup,init -pramtop=0500h \
  -psmallconst=SMALLCONST -pmediumconst=MEDIUMCONST -pconst=CONST \
  -AFARRAM=00h-00h \
  -prdata=COMRAM,nvrram=COMRAM,nvbit=COMRAM,rbss=COMRAM,rbit=COMRAM \
  -pfarbss=FARRAM,fardata=FARRAM,nvFARRAM=FARRAM \
  -pintsave_regs=BIGRAM,bigbss=BIGRAM,bigdata=BIGRAM -pbss=RAM \
  -pidata=CODE,irdata=CODE,ibigdata=CODE,ifardata=CODE -prparam=COMRAM \
  C:\Users\FATIHE~1\AppData\Local\Temp\xcAsh08.o \
  dist/default/production\first_project.production.o 

Object code version is 3.11

Machine type is 18F24Q10



                Name                               Link     Load   Length Selector   Space Scale
C:\Users\FATIHE~1\AppData\Local\Temp\xcAsh08.o
                idloc                            200000   200000      100        0       5
                config                           300000   300000        C        0       4
                init                                  0        0        4        0       0
dist/default/production\first_project.production.o
                idloc                            200000   200000      100        0       5
                config                           300000   300000        C        0       4
                smallconst                          500      500        4      280       0
                text12                              830      830       18      282       0
                text11                              704      704       4A      282       0
                text10                              814      814       1C      282       0
                text9                               856      856        E      282       0
                text8                               848      848        E      282       0
                text7                               788      788       34      282       0
                text6                               7BC      7BC       32      282       0
                text5                               86A      86A        2      282       0
                text4                               5A2      5A2       96      282       0
                text3                               638      638       7E      282       0
                text2                               6B6      6B6       4E      282       0
                text1                               7EE      7EE       26      282       0
                text0                               504      504       9E      282       0
                cstackCOMRAM                         26       26       1E        1       1
                dataCOMRAM                           44       44        6        1       1
                bssCOMRAM                             1        1       25        1       1
                cinit                               74E      74E       3A      282       0
                idataCOMRAM                         864      864        6      282       0

TOTAL           Name                               Link     Load   Length     Space
        CLASS   CODE           
                init                                  0        0        4         0
                text12                              830      830       18         0
                text11                              704      704       4A         0
                text10                              814      814       1C         0
                text9                               856      856        E         0
                text8                               848      848        E         0
                text7                               788      788       34         0
                text6                               7BC      7BC       32         0
                text5                               86A      86A        2         0
                text4                               5A2      5A2       96         0
                text3                               638      638       7E         0
                text2                               6B6      6B6       4E         0
                text1                               7EE      7EE       26         0
                text0                               504      504       9E         0
                cinit                               74E      74E       3A         0
                idataCOMRAM                         864      864        6         0

        CLASS   CONST          

        CLASS   SMALLCONST     
                smallconst                          500      500        4         0

        CLASS   MEDIUMCONST    

        CLASS   COMRAM         
                cstackCOMRAM                         26       26       1E         1
                dataCOMRAM                           44       44        6         1
                bssCOMRAM                             1        1       25         1

        CLASS   ABS1           

        CLASS   BIGRAM         

        CLASS   RAM            

        CLASS   BANK0          

        CLASS   BANK1          

        CLASS   BANK2          

        CLASS   BANK3          

        CLASS   SFR            

        CLASS   BIGSFR         

        CLASS   CONFIG         
                config                           300000   300000        C         4

        CLASS   IDLOC          
                idloc                            200000   200000      100         5

        CLASS   EEDATA         

        CLASS   FARRAM         

        CLASS   HEAP           

        CLASS   STACK          



SEGMENTS        Name                           Load    Length   Top    Selector   Space  Class

                reset_vec                      000000  000004  000004         0       0  CODE    
                bssCOMRAM                      000001  000049  00004A         1       1  COMRAM  
                smallconst                     000500  000004  000504       280       0  SMALLCON
                text0                          000504  000368  00086C       282       0  CODE    


UNUSED ADDRESS RANGES

        Name                Unused          Largest block    Delta
        BANK0            000060-0000FF               A0
        BANK1            000100-0001FF              100
        BANK2            000200-0002FF              100
        BANK3            000300-0003FF              100
        BIGRAM           00004A-0003FF              3B6
        BIGSFR           000400-0004FF              100
                         000E88-000FFF              178
        CODE             000004-0004FF              4FC
                         00086C-003FFF             3794
        COMRAM           00004A-00005F               16
        CONST            000004-0004FF              4FC
                         00086C-003FFF             3794
        EEDATA           310000-3100FF              100
        MEDIUMCONST      00086C-003FFF             3794
        RAM              000060-0003FF              100
        SFR              000400-0004FF              100
                         000E88-000FFF               78
        SMALLCONST       00086C-003FFF              100

                                  Symbol Table

?_printf                        cstackCOMRAM 00003D
?_vfprintf                      cstackCOMRAM 000035
_ANSELA                         (abs)        000F0C
_ANSELB                         (abs)        000F14
_ANSELC                         (abs)        000F1C
_INLVLA                         (abs)        000F08
_INLVLB                         (abs)        000F10
_INLVLC                         (abs)        000F18
_INLVLE                         (abs)        000F25
_INTCONbits                     (abs)        000FF2
_LATA                           (abs)        000F82
_LATA6                          (abs)        007C16
_LATB                           (abs)        000F83
_LATC                           (abs)        000F84
_NVMCON0bits                    (abs)        000F7F
_NVMCON1bits                    (abs)        000F80
_NVMCON2                        (abs)        000F81
_ODCONA                         (abs)        000F0A
_ODCONB                         (abs)        000F12
_ODCONC                         (abs)        000F1A
_OSCCON1                        (abs)        000ED3
_OSCCON3                        (abs)        000ED5
_OSCEN                          (abs)        000ED7
_OSCFRQ                         (abs)        000ED9
_OSCILLATOR_Initialize          text12       000830
_OSCTUNE                        (abs)        000ED8
_PIN_MANAGER_Initialize         text11       000704
_PMD0                           (abs)        000EDC
_PMD1                           (abs)        000EDD
_PMD2                           (abs)        000EDE
_PMD3                           (abs)        000EDF
_PMD4                           (abs)        000EE0
_PMD5                           (abs)        000EE1
_PMD_Initialize                 text10       000814
_SLRCONA                        (abs)        000F09
_SLRCONB                        (abs)        000F11
_SLRCONC                        (abs)        000F19
_SYSTEM_Initialize              text9        000856
_TABLAT                         (abs)        000FF5
_TBLPTRH                        (abs)        000FF7
_TBLPTRL                        (abs)        000FF6
_TBLPTRU                        (abs)        000FF8
_TRISA                          (abs)        000F87
_TRISA6                         (abs)        007C3E
_TRISB                          (abs)        000F88
_TRISC                          (abs)        000F89
_WPUA                           (abs)        000F0B
_WPUB                           (abs)        000F13
_WPUC                           (abs)        000F1B
_WPUE                           (abs)        000F28
__HRAM                          (abs)        000000
__Habs1                         abs1         000000
__Hbank0                        bank0        000000
__Hbank1                        bank1        000000
__Hbank2                        bank2        000000
__Hbank3                        bank3        000000
__Hbigbss                       bigbss       000000
__Hbigdata                      bigdata      000000
__Hbigram                       bigram       000000
__Hbigsfr                       bigsfr       000000
__Hbss                          bss          000000
__HbssCOMRAM                    bssCOMRAM    000000
__Hcinit                        cinit        000000
__Hclrtext                      clrtext      000000
__Hcomram                       comram       000000
__Hconfig                       config       30000C
__Hconst                        const        000000
__HcstackCOMRAM                 cstackCOMRAM 000000
__Hdata                         data         000000
__HdataCOMRAM                   dataCOMRAM   000000
__Heeprom_data                  eeprom_data  000000
__Hfarbss                       farbss       000000
__Hfardata                      fardata      000000
__Hheap                         heap         000000
__Hibigdata                     ibigdata     000000
__Hidata                        idata        000000
__HidataCOMRAM                  idataCOMRAM  000000
__Hidloc                        idloc        200100
__Hifardata                     ifardata     000000
__Hinit                         init         000004
__Hintcode                      intcode      000000
__Hintcode_body                 intcode_body 000000
__Hintcodelo                    intcodelo    000000
__Hintentry                     intentry     000000
__Hintret                       intret       000000
__Hintsave_regs                 intsave_regs 000000
__Hirdata                       irdata       000000
__Hmediumconst                  mediumconst  000000
__HnvFARRAM                     nvFARRAM     000000
__Hnvbit                        nvbit        000000
__Hnvrram                       nvrram       000000
__Hparam                        rparam       000000
__Hpowerup                      powerup      000000
__Hram                          ram          000000
__Hramtop                       ramtop       000500
__Hrbit                         rbit         000000
__Hrbss                         rbss         000000
__Hrdata                        rdata        000000
__Hreset_vec                    reset_vec    000000
__Hrparam                       rparam       000000
__Hsfr                          sfr          000000
__Hsmallconst                   smallconst   000504
__Hspace_0                      (abs)        00086C
__Hspace_1                      (abs)        00004A
__Hspace_2                      (abs)        000000
__Hspace_4                      (abs)        60000C
__Hstack                        stack        000000
__Hstruct                       struct       000000
__Htemp                         temp         000000
__Htext                         text         000000
__Htext0                        text0        000000
__Htext1                        text1        000000
__Htext10                       text10       000000
__Htext11                       text11       000000
__Htext12                       text12       000000
__Htext2                        text2        000000
__Htext3                        text3        000000
__Htext4                        text4        000000
__Htext5                        text5        000000
__Htext6                        text6        000000
__Htext7                        text7        000000
__Htext8                        text8        000000
__Htext9                        text9        000000
__LRAM                          (abs)        000001
__Labs1                         abs1         000000
__Lbank0                        bank0        000000
__Lbank1                        bank1        000000
__Lbank2                        bank2        000000
__Lbank3                        bank3        000000
__Lbigbss                       bigbss       000000
__Lbigdata                      bigdata      000000
__Lbigram                       bigram       000000
__Lbigsfr                       bigsfr       000000
__Lbss                          bss          000000
__LbssCOMRAM                    bssCOMRAM    000000
__Lcinit                        cinit        000000
__Lclrtext                      clrtext      000000
__Lcomram                       comram       000000
__Lconfig                       config       000000
__Lconst                        const        000000
__LcstackCOMRAM                 cstackCOMRAM 000000
__Ldata                         data         000000
__LdataCOMRAM                   dataCOMRAM   000000
__Leeprom_data                  eeprom_data  000000
__Lfarbss                       farbss       000000
__Lfardata                      fardata      000000
__Lheap                         heap         000000
__Libigdata                     ibigdata     000000
__Lidata                        idata        000000
__LidataCOMRAM                  idataCOMRAM  000000
__Lidloc                        idloc        000000
__Lifardata                     ifardata     000000
__Linit                         init         000000
__Lintcode                      intcode      000000
__Lintcode_body                 intcode_body 000000
__Lintcodelo                    intcodelo    000000
__Lintentry                     intentry     000000
__Lintret                       intret       000000
__Lintsave_regs                 intsave_regs 000000
__Lirdata                       irdata       000000
__Lmediumconst                  mediumconst  000000
__LnvFARRAM                     nvFARRAM     000000
__Lnvbit                        nvbit        000000
__Lnvrram                       nvrram       000000
__Lparam                        rparam       000000
__Lpowerup                      powerup      000000
__Lram                          ram          000000
__Lramtop                       ramtop       000500
__Lrbit                         rbit         000000
__Lrbss                         rbss         000000
__Lrdata                        rdata        000000
__Lreset_vec                    reset_vec    000000
__Lrparam                       rparam       000000
__Lsfr                          sfr          000000
__Lsmallconst                   smallconst   000500
__Lspace_0                      (abs)        000000
__Lspace_1                      (abs)        000000
__Lspace_2                      (abs)        000000
__Lspace_4                      (abs)        000000
__Lstack                        stack        000000
__Lstruct                       struct       000000
__Ltemp                         temp         000000
__Ltext                         text         000000
__Ltext0                        text0        000000
__Ltext1                        text1        000000
__Ltext10                       text10       000000
__Ltext11                       text11       000000
__Ltext12                       text12       000000
__Ltext2                        text2        000000
__Ltext3                        text3        000000
__Ltext4                        text4        000000
__Ltext5                        text5        000000
__Ltext6                        text6        000000
__Ltext7                        text7        000000
__Ltext8                        text8        000000
__Ltext9                        text9        000000
__S0                            (abs)        00086C
__S1                            (abs)        00004A
__S4                            (abs)        000000
__S5                            (abs)        000000
___heap_hi                      (abs)        000000
___heap_lo                      (abs)        000000
___inthi_sp                     stack        000000
___intlo_sp                     stack        000000
___param_bank                   (abs)        000000
___rparam_used                  (abs)        000001
___sp                           stack        000000
__accesstop                     (abs)        000060
__activetblptr                  (abs)        000001
__end_of_OSCILLATOR_Initialize  text12       000848
__end_of_PIN_MANAGER_Initialize text11       00074E
__end_of_PMD_Initialize         text10       000830
__end_of_SYSTEM_Initialize      text9        000864
__end_of__initialization        cinit        00077A
__end_of_build_address          text8        000856
__end_of_data_upload            text7        0007BC
__end_of_data_write             text6        0007EE
__end_of_fputc                  text4        000638
__end_of_main                   text0        0005A2
__end_of_printf                 text1        000814
__end_of_putch                  text5        00086C
__end_of_vfpfcnvrt              text3        0006B6
__end_of_vfprintf               text2        000704
__initialization                cinit        00074E
__mediumconst                   mediumconst  000000
__pbssCOMRAM                    bssCOMRAM    000001
__pcinit                        cinit        00074E
__pcstackCOMRAM                 cstackCOMRAM 000026
__pdataCOMRAM                   dataCOMRAM   000044
__pidataCOMRAM                  idataCOMRAM  000864
__psmallconst                   smallconst   000500
__ptext0                        text0        000504
__ptext1                        text1        0007EE
__ptext10                       text10       000814
__ptext11                       text11       000704
__ptext12                       text12       000830
__ptext2                        text2        0006B6
__ptext3                        text3        000638
__ptext4                        text4        0005A2
__ptext5                        text5        00086A
__ptext6                        text6        0007BC
__ptext7                        text7        000788
__ptext8                        text8        000848
__ptext9                        text9        000856
__ramtop                        ramtop       000500
__smallconst                    smallconst   000500
_build_address                  text8        000848
_data_upload                    text7        000788
_data_write                     text6        0007BC
_flags                          bssCOMRAM    000025
_fputc                          text4        0005A2
_main                           text0        000504
_prec                           bssCOMRAM    000023
_printf                         text1        0007EE
_putch                          text5        00086A
_string                         dataCOMRAM   000044
_vfpfcnvrt                      text3        000638
_vfprintf                       text2        0006B6
_width                          bssCOMRAM    000021
build_address@address           cstackCOMRAM 000026
data_upload@i                   cstackCOMRAM 000029
data_upload@nLen                cstackCOMRAM 000028
data_upload@pData               cstackCOMRAM 000026
data_write@GIEBitValue          cstackCOMRAM 000026
end_of_initialization           cinit        00077A
fputc@c                         cstackCOMRAM 000026
fputc@fp                        cstackCOMRAM 000028
intlevel0                       text         000000
intlevel1                       text         000000
intlevel2                       text         000000
intlevel3                       text         000000
isa$std                         (abs)        000001
isa$xinst                       (abs)        000000
main@counter                    cstackCOMRAM 000043
printf@ap                       cstackCOMRAM 00003F
printf@fmt                      cstackCOMRAM 00003D
stackhi                         (abs)        000000
stacklo                         (abs)        000000
start                           init         000000
start_initialization            cinit        00074E
vfpfcnvrt@ap                    cstackCOMRAM 000033
vfpfcnvrt@fmt                   cstackCOMRAM 000031
vfpfcnvrt@fp                    cstackCOMRAM 00002F
vfprintf@ap                     cstackCOMRAM 000039
vfprintf@cfmt                   cstackCOMRAM 00003B
vfprintf@fmt                    cstackCOMRAM 000037
vfprintf@fp                     cstackCOMRAM 000035


MODULE INFORMATION

Module		Function		Class		Link	Load	Size
C:\Program Files\Microchip\xc8\v2.40\pic\sources\c99\common\nf_fputc.c
		_fputc         		CODE           	05A2	0000	150

C:\Program Files\Microchip\xc8\v2.40\pic\sources\c99\common\nf_fputc.c estimated size: 150

C:\Program Files\Microchip\xc8\v2.40\pic\sources\c99\common\printf.c
		_printf        		CODE           	07EE	0000	38

C:\Program Files\Microchip\xc8\v2.40\pic\sources\c99\common\printf.c estimated size: 38

mcc_generated_files/pin_manager.c
		_PIN_MANAGER_Initialize		CODE           	0704	0000	74

mcc_generated_files/pin_manager.c estimated size: 74

shared
		__initialization		CODE           	074E	0000	44

shared estimated size: 44

mcc_generated_files/mcc.c
		_PMD_Initialize		CODE           	0814	0000	28
		_OSCILLATOR_Initialize		CODE           	0830	0000	24
		_SYSTEM_Initialize		CODE           	0856	0000	14

mcc_generated_files/mcc.c estimated size: 66

C:\Program Files\Microchip\xc8\v2.40\pic\sources\c99\common\putch.c
		_putch         		CODE           	086A	0000	2

C:\Program Files\Microchip\xc8\v2.40\pic\sources\c99\common\putch.c estimated size: 2

C:\Program Files\Microchip\xc8\v2.40\pic\sources\c99\common\doprnt.c
		_vfpfcnvrt     		CODE           	0638	0000	126
		_vfprintf      		CODE           	06B6	0000	78

C:\Program Files\Microchip\xc8\v2.40\pic\sources\c99\common\doprnt.c estimated size: 204

main.c
		_build_address 		CODE           	0848	0000	14
		_data_upload   		CODE           	0788	0000	52
		_data_write    		CODE           	07BC	0000	50
		_main          		CODE           	0504	0000	158

main.c estimated size: 274

